# Gitleaks baseline file
# This file contains the known secrets that Gitleaks should ignore
# Update this file if you have legitimate secrets that Gitleaks detects

# Example entries:
# GitHub token (test)
# 1234567890abcdef1234567890abcdef12345678

# API key (development)
# abcd1234efgh5678ijkl9012mnop3456

# Add your known secrets here in the format:
# secret_name: secret_value